// Jest Snapshot v1, https://goo.gl/fbAQLP

exports[`ReComponent disables \`setState\` 1`] = `"Example(...): Calls to \`setState\` are not allowed. Please use the \`reducer\` method to update the component state"`;

exports[`ReComponent errors when no \`reducer\` method is defined 1`] = `"Example(...): No static \`reducer\` method found on the returned component instance: did you define a reducer?"`;
